// Vitest Snapshot v1, https://vitest.dev/guide/snapshot.html

exports[`cypress > should configure the expected rules 1`] = `
{
  "@typescript-eslint/consistent-type-assertions": [
    "error",
    {
      "assertionStyle": "as",
      "objectLiteralTypeAssertions": "allow",
    },
  ],
  "@typescript-eslint/no-explicit-any": "off",
  "@typescript-eslint/no-magic-numbers": "off",
  "@typescript-eslint/no-non-null-assertion": "off",
  "cypress/no-assigning-return-values": "error",
  "cypress/no-async-tests": "error",
  "cypress/no-debug": "error",
  "cypress/no-unnecessary-waiting": "error",
  "cypress/unsafe-to-chain-command": "error",
}
`;
