// Vitest Snapshot v1, https://vitest.dev/guide/snapshot.html

exports[`mdx > 'base' > should configure the expected rules 1`] = `
{
  "mdx/remark": "error",
  "no-unused-expressions": "error",
  "react/react-in-jsx-scope": "off",
  "unused-imports/no-unused-imports": "off",
}
`;

exports[`mdx > 'code-blocks' > should configure the expected rules 1`] = `
{
  "@typescript-eslint/no-magic-numbers": "off",
  "@typescript-eslint/no-unused-vars": "off",
  "eol-last": "off",
  "no-undef": "off",
  "no-unused-expressions": "off",
  "no-unused-vars": "off",
  "padded-blocks": "off",
  "strict": "off",
  "unicode-bom": "off",
  "unused-imports/no-unused-imports": "off",
  "unused-imports/no-unused-vars": "off",
}
`;
