// Vitest Snapshot v1, https://vitest.dev/guide/snapshot.html

exports[`mocha > should configure the expected rules 1`] = `
{
  "@typescript-eslint/consistent-type-assertions": [
    "error",
    {
      "assertionStyle": "as",
      "objectLiteralTypeAssertions": "allow",
    },
  ],
  "@typescript-eslint/no-explicit-any": "off",
  "@typescript-eslint/no-magic-numbers": "off",
  "@typescript-eslint/no-non-null-assertion": "off",
  "@typescript-eslint/no-unsafe-type-assertion": "off",
  "mocha/consistent-spacing-between-blocks": "error",
  "mocha/handle-done-callback": "error",
  "mocha/max-top-level-suites": [
    "error",
    {
      "limit": 1,
    },
  ],
  "mocha/no-async-describe": "error",
  "mocha/no-empty-description": "error",
  "mocha/no-exclusive-tests": "error",
  "mocha/no-exports": "error",
  "mocha/no-global-tests": "error",
  "mocha/no-hooks": "off",
  "mocha/no-hooks-for-single-case": "off",
  "mocha/no-identical-title": "error",
  "mocha/no-mocha-arrows": "off",
  "mocha/no-nested-tests": "error",
  "mocha/no-pending-tests": "error",
  "mocha/no-return-and-callback": "error",
  "mocha/no-return-from-async": "off",
  "mocha/no-setup-in-describe": "error",
  "mocha/no-sibling-hooks": "error",
  "mocha/no-skipped-tests": "error",
  "mocha/no-synchronous-tests": "off",
  "mocha/no-top-level-hooks": "error",
  "mocha/prefer-arrow-callback": "error",
  "mocha/valid-suite-description": "off",
  "mocha/valid-test-description": "off",
  "security/detect-non-literal-fs-filename": "off",
  "unicorn/consistent-function-scoping": "off",
}
`;
