// Vitest Snapshot v1, https://vitest.dev/guide/snapshot.html

exports[`tanStackQuery > should configure the expected rules 1`] = `
{
  "@tanstack/query/exhaustive-deps": "error",
  "@tanstack/query/infinite-query-property-order": "error",
  "@tanstack/query/no-rest-destructuring": "error",
  "@tanstack/query/no-unstable-deps": "error",
  "@tanstack/query/stable-query-client": "error",
}
`;
